Microchip MPLAB XC8 Compiler V1.45 ()

Linker command line:

-W-3 --edf=C:\Program Files (x86)\Microchip\xc8\v1.45\dat\en_msgs.txt -cs \
  -h+dist/default/production\5onoff.X.production.sym \
  --cmf=dist/default/production\5onoff.X.production.cmf -z -Q16F1526 \
  -oC:\Users\Alfaone\AppData\Local\Temp\s3rk.2 \
  -Mdist/default/production/5onoff.X.production.map -E1 -ver=XC8 \
  -ASTACK=020CAh-022efh -pstack=STACK -ACODE=00h-07FFhx4 \
  -ASTRCODE=00h-01FFFh -ASTRING=00h-0FFhx32 -ACONST=00h-0FFhx32 \
  -AENTRY=00h-0FFhx32 -ACOMMON=070h-07Fh -ABANK0=020h-06Fh \
  -ABANK1=0A0h-0EFh -ABANK2=0120h-016Fh -ABANK3=01A0h-01EFh \
  -ABANK4=0220h-026Fh -ABANK5=02A0h-02EFh -ABANK6=0320h-036Fh \
  -ABANK7=03A0h-03EFh -ABANK8=0420h-046Fh -ABANK9=04A0h-04BFh \
  -ABIGRAM=02000h-022EFh \
  -ARAM=020h-06Fh,0A0h-0EFh,0120h-016Fh,01A0h-01EFh,0220h-026Fh,02A0h-02EFh,0320h-036Fh,03A0h-03EFh,0420h-046Fh,04A0h-04BFh \
  -AABS1=020h-07Fh,0A0h-0EFh,0120h-016Fh,01A0h-01EFh,0220h-026Fh,02A0h-02EFh,0320h-036Fh,03A0h-03EFh,0420h-046Fh,04A0h-04BFh \
  -ASFR0=00h-01Fh -ASFR1=080h-09Fh -ASFR2=0100h-011Fh -ASFR3=0180h-019Fh \
  -ASFR4=0200h-021Fh -ASFR5=0280h-029Fh -ASFR6=0300h-031Fh \
  -ASFR7=0380h-039Fh -ASFR8=0400h-041Fh -ASFR9=0480h-049Fh \
  -ASFR10=0500h-056Fh -ASFR11=0580h-05EFh -ASFR12=0600h-066Fh \
  -ASFR13=0680h-06EFh -ASFR14=0700h-076Fh -ASFR15=0780h-07EFh \
  -ASFR16=0800h-086Fh -ASFR17=0880h-08EFh -ASFR18=0900h-096Fh \
  -ASFR19=0980h-09EFh -ASFR20=0A00h-0A6Fh -ASFR21=0A80h-0AEFh \
  -ASFR22=0B00h-0B6Fh -ASFR23=0B80h-0BEFh -ASFR24=0C00h-0C6Fh \
  -ASFR25=0C80h-0CEFh -ASFR26=0D00h-0D6Fh -ASFR27=0D80h-0DEFh \
  -ASFR28=0E00h-0E6Fh -ASFR29=0E80h-0EEFh -ASFR30=0F00h-0F6Fh \
  -ASFR31=0F80h-0FEFh -preset_vec=00h,intentry=04h,init,end_init \
  -ppowerup=CODE -pcinit=CODE -pfunctab=ENTRY -ACONFIG=08007h-08008h \
  -pconfig=CONFIG -DCONFIG=2 -AIDLOC=08000h-08003h -pidloc=IDLOC -DIDLOC=2 \
  -DCODE=2 -DSTRCODE=2 -DSTRING=2 -DCONST=2 -DENTRY=2 -k \
  C:\Users\Alfaone\AppData\Local\Temp\s3rk.obj \
  dist/default/production\5onoff.X.production.obj 

Object code version is 3.11

Machine type is 16F1526



                Name                               Link     Load   Length Selector   Space Scale
C:\Users\Alfaone\AppData\Local\Temp\s3rk.obj
                end_init                            230      230        2        8       0
                reset_vec                             0        0        2        0       0
                config                             8007     8007        2    1000E       0
dist/default/production\5onoff.X.production.obj
                cinit                               232      232       35        8       0
                intentry                              4        4      22C        8       0
                text17                              F4C      F4C       19     1E98       0
                swtext11                            8B4      8B4       14      FD8       0
                swtext10                            8A0      8A0       14      FD8       0
                swtext9                             88C      88C       14      FD8       0
                swtext8                             878      878       14      FD8       0
                swtext7                             864      864       14      FD8       0
                swtext6                             850      850       14      FD8       0
                swtext5                             83C      83C       14      FD8       0
                swtext4                             828      828       14      FD8       0
                swtext3                             814      814       14      FD8       0
                swtext2                             800      800       14      FD8       0
                swtext1                             7EC      7EC       14      FD8       0
                text15                              ECA      ECA        8     1D94       0
                text14                              F21      F21       15     1E42       0
                text13                              F65      F65       1A     1ECA       0
                text12                              ED2      ED2        A     1DA4       0
                text11                              F36      F36       16     1E6C       0
                text10                              EDC      EDC        B     1DB8       0
                text9                               EE7      EE7        C     1DCE       0
                text8                               EF3      EF3        C     1DE6       0
                text7                               F7F      F7F       1C     1EFE       0
                text6                               EFF      EFF        F     1DFE       0
                text5                               71A      71A       6B        8       0
                text4                               FB8      FB8       1E     1F70       0
                text3                               638      638       E2        8       0
                text2                               7BD      7BD       2F        8       0
                text1                               F9B      F9B       1D     1F36       0
                maintext                            267      267      3D1        8       0
                cstackBANK0                          20       20       2D       20       1
                cstackCOMMON                         70       70        6       70       1
                inittext                            EC4      EC4        6     1D88       0
                dataBANK2                           120      120       2A      120       1
                dataBANK1                            A0       A0       38       A0       1
                dataBANK0                            4D       4D       13       20       1
                bssBANK0                             6A       6A        2       20       1
                dataCOMMON                           7A       7A        2       70       1
                bssCOMMON                            76       76        4       70       1
                nvBANK0                              60       60        A       20       1
                idataBANK2                          FD6      FD6       2A     1FAC       0
                idataBANK1                          785      785       38        8       0
                idataBANK0                          F0E      F0E       13     1E1C       0
                idataCOMMON                           2        2        2        0       0

TOTAL           Name                               Link     Load   Length     Space
        CLASS   STACK          

        CLASS   CODE           
                end_init                            230      230        2         0
                cinit                               232      232       35         0
                intentry                              4        4      22C         0
                reset_vec                             0        0        2         0
                text17                              F4C      F4C       19         0
                text15                              ECA      ECA        8         0
                text14                              F21      F21       15         0
                text13                              F65      F65       1A         0
                text12                              ED2      ED2        A         0
                text11                              F36      F36       16         0
                text10                              EDC      EDC        B         0
                text9                               EE7      EE7        C         0
                text8                               EF3      EF3        C         0
                text7                               F7F      F7F       1C         0
                text6                               EFF      EFF        F         0
                text5                               71A      71A       6B         0
                text4                               FB8      FB8       1E         0
                text3                               638      638       E2         0
                text2                               7BD      7BD       2F         0
                text1                               F9B      F9B       1D         0
                maintext                            267      267      3D1         0
                inittext                            EC4      EC4        6         0
                idataBANK2                          FD6      FD6       2A         0
                idataBANK1                          785      785       38         0
                idataBANK0                          F0E      F0E       13         0
                idataCOMMON                           2        2        2         0

        CLASS   STRCODE        

        CLASS   STRING         

        CLASS   CONST          
                swtext11                            8B4      8B4       14         0
                swtext10                            8A0      8A0       14         0
                swtext9                             88C      88C       14         0
                swtext8                             878      878       14         0
                swtext7                             864      864       14         0
                swtext6                             850      850       14         0
                swtext5                             83C      83C       14         0
                swtext4                             828      828       14         0
                swtext3                             814      814       14         0
                swtext2                             800      800       14         0
                swtext1                             7EC      7EC       14         0

        CLASS   ENTRY          

        CLASS   COMMON         
                cstackCOMMON                         70       70        6         1
                dataCOMMON                           7A       7A        2         1
                bssCOMMON                            76       76        4         1

        CLASS   BANK0          
                cstackBANK0                          20       20       2D         1
                dataBANK0                            4D       4D       13         1
                bssBANK0                             6A       6A        2         1
                nvBANK0                              60       60        A         1

        CLASS   BANK1          
                dataBANK1                            A0       A0       38         1

        CLASS   BANK2          
                dataBANK2                           120      120       2A         1

        CLASS   BANK3          

        CLASS   BANK4          

        CLASS   BANK5          

        CLASS   BANK6          

        CLASS   BANK7          

        CLASS   BANK8          

        CLASS   BANK9          

        CLASS   BIGRAM         

        CLASS   RAM            

        CLASS   ABS1           
                abs_s1                               7E       7E        2         1

        CLASS   SFR0           

        CLASS   SFR1           

        CLASS   SFR2           

        CLASS   SFR3           

        CLASS   SFR4           

        CLASS   SFR5           

        CLASS   SFR6           

        CLASS   SFR7           

        CLASS   SFR8           

        CLASS   SFR9           

        CLASS   SFR10          

        CLASS   SFR11          

        CLASS   SFR12          

        CLASS   SFR13          

        CLASS   SFR14          

        CLASS   SFR15          

        CLASS   SFR16          

        CLASS   SFR17          

        CLASS   SFR18          

        CLASS   SFR19          

        CLASS   SFR20          

        CLASS   SFR21          

        CLASS   SFR22          

        CLASS   SFR23          

        CLASS   SFR24          

        CLASS   SFR25          

        CLASS   SFR26          

        CLASS   SFR27          

        CLASS   SFR28          

        CLASS   SFR29          

        CLASS   SFR30          

        CLASS   SFR31          

        CLASS   CONFIG         
                config                             8007     8007        2         0

        CLASS   IDLOC          

        CLASS   BANK31         

        CLASS   BANK30         

        CLASS   BANK29         

        CLASS   BANK28         

        CLASS   BANK27         

        CLASS   BANK26         

        CLASS   BANK25         

        CLASS   BANK24         

        CLASS   BANK23         

        CLASS   BANK22         

        CLASS   BANK21         

        CLASS   BANK20         

        CLASS   BANK19         

        CLASS   BANK18         

        CLASS   BANK17         

        CLASS   BANK16         

        CLASS   BANK15         

        CLASS   BANK14         

        CLASS   BANK13         

        CLASS   BANK12         

        CLASS   BANK11         

        CLASS   BANK10         

        CLASS   EEDATA         



SEGMENTS        Name                           Load    Length   Top    Selector   Space  Class     Delta

                reset_vec                      000000  000004  000004         0       0  CODE        2
                intentry                       000004  0007E8  0007EC         8       0  CODE        2
                cstackBANK0                    000020  00004C  00006C        20       1  BANK0       1
                cstackCOMMON                   000070  00000C  00007C        70       1  COMMON      1
                dataBANK1                      0000A0  000038  0000D8        A0       1  BANK1       1
                dataBANK2                      000120  00002A  00014A       120       1  BANK2       1
                swtext1                        0007EC  0000DC  0008C8       FD8       0  CONST       2
                inittext                       000EC4  000006  000ECA      1D88       0  CODE        2
                text15                         000ECA  000008  000ED2      1D94       0  CODE        2
                text12                         000ED2  00000A  000EDC      1DA4       0  CODE        2
                text10                         000EDC  00000B  000EE7      1DB8       0  CODE        2
                text9                          000EE7  00000C  000EF3      1DCE       0  CODE        2
                text8                          000EF3  00000C  000EFF      1DE6       0  CODE        2
                text6                          000EFF  00000F  000F0E      1DFE       0  CODE        2
                idataBANK0                     000F0E  000013  000F21      1E1C       0  CODE        2
                text14                         000F21  000015  000F36      1E42       0  CODE        2
                text11                         000F36  000016  000F4C      1E6C       0  CODE        2
                text17                         000F4C  000019  000F65      1E98       0  CODE        2
                text13                         000F65  00001A  000F7F      1ECA       0  CODE        2
                text7                          000F7F  00001C  000F9B      1EFE       0  CODE        2
                text1                          000F9B  00001D  000FB8      1F36       0  CODE        2
                text4                          000FB8  00001E  000FD6      1F70       0  CODE        2
                idataBANK2                     000FD6  00002A  001000      1FAC       0  CODE        2
                config                         008007  000002  008009     1000E       0  CONFIG      2


UNUSED ADDRESS RANGES

        Name                Unused          Largest block    Delta
        BANK0            0006C-0006F               4           1
        BANK1            000D8-000EF              18           1
        BANK2            0014A-0016F              26           1
        BANK3            001A0-001EF              50           1
        BANK4            00220-0026F              50           1
        BANK5            002A0-002EF              50           1
        BANK6            00320-0036F              50           1
        BANK7            003A0-003EF              50           1
        BANK8            00420-0046F              50           1
        BANK9            004A0-004BF              20           1
        BIGRAM           02000-022EF             2F0           1
        CODE             008C8-00EC3             5FC           2
                         01000-01FFF             800
        COMMON           0007C-0007D               2           1
        CONST            008C8-00EC3             100           2
                         01000-01FFF             100
        ENTRY            008C8-00EC3             100           2
                         01000-01FFF             100
        IDLOC            08000-08003               4           2
        RAM              0006C-0006F               4           1
                         000D8-000EF              18
                         0014A-0016F              26
                         001A0-001EF              50
                         00220-0026F              50
                         002A0-002EF              50
                         00320-0036F              50
                         003A0-003EF              50
                         00420-0046F              50
                         004A0-004BF              20
        SFR0             00000-0001F              20           1
        SFR1             00080-0009F              20           1
        SFR10            00500-0056F              70           1
        SFR11            00580-005EF              70           1
        SFR12            00600-0066F              70           1
        SFR13            00680-006EF              70           1
        SFR14            00700-0076F              70           1
        SFR15            00780-007EF              70           1
        SFR16            00800-0086F              70           1
        SFR17            00880-008EF              70           1
        SFR18            00900-0096F              70           1
        SFR19            00980-009EF              70           1
        SFR2             00100-0011F              20           1
        SFR20            00A00-00A6F              70           1
        SFR21            00A80-00AEF              70           1
        SFR22            00B00-00B6F              70           1
        SFR23            00B80-00BEF              70           1
        SFR24            00C00-00C6F              70           1
        SFR25            00C80-00CEF              70           1
        SFR26            00D00-00D6F              70           1
        SFR27            00D80-00DEF              70           1
        SFR28            00E00-00E6F              70           1
        SFR29            00E80-00EEF              70           1
        SFR3             00180-0019F              20           1
        SFR30            00F00-00F6F              70           1
        SFR31            00F80-00FEF              70           1
        SFR4             00200-0021F              20           1
        SFR5             00280-0029F              20           1
        SFR6             00300-0031F              20           1
        SFR7             00380-0039F              20           1
        SFR8             00400-0041F              20           1
        SFR9             00480-0049F              20           1
        STACK            020CA-022EF             226           1
        STRCODE          008C8-00EC3             5FC           2
                         01000-01FFF            1000
        STRING           008C8-00EC3             100           2
                         01000-01FFF             100

                                  Symbol Table

?___wmul                                     cstackBANK0  00020
?_atoi                                       cstackBANK0  00026
_ANSELA                                      (abs)        0018C
_ANSELB                                      (abs)        0018D
_ANSELD                                      (abs)        0018F
_ANSELE                                      (abs)        00190
_ANSELF                                      (abs)        0040C
_ANSELG                                      (abs)        0040D
_BAUD1CON                                    (abs)        0019F
_CCP9CON                                     (abs)        0061C
_CCP9IF                                      (abs)        000A6
_CCP9_Initialize                             text12       00ED2
_CCPR9H                                      (abs)        0061B
_CCPR9L                                      (abs)        0061A
_EUSART_Initialize                           text11       00F36
_ErrorNames                                  dataBANK0    0005B
_GIE                                         (abs)        0005F
_GPIO_pin_Initialize                         text13       00F65
_M1                                          nvBANK0      00068
_M2                                          nvBANK0      00066
_M3                                          nvBANK0      00064
_M4                                          nvBANK0      00062
_M5                                          nvBANK0      00060
_PEIE                                        (abs)        0005E
_PIE1bits                                    (abs)        00091
_PIE3bits                                    (abs)        00093
_PIE4bits                                    (abs)        00094
_PIR1bits                                    (abs)        00011
_PIR3bits                                    (abs)        00013
_PIR4bits                                    (abs)        00014
_PORTAbits                                   (abs)        0000C
_PORTEbits                                   (abs)        00010
_PORTFbits                                   (abs)        0028C
_RC1IF                                       (abs)        0008D
_RC1REG                                      (abs)        00199
_RC1STA                                      (abs)        0019D
_RC1STAbits                                  (abs)        0019D
_SP1BRGH                                     (abs)        0019C
_SP1BRGL                                     (abs)        0019B
_T1CON                                       (abs)        00018
_T1CONbits                                   (abs)        00018
_T1GCON                                      (abs)        00019
_T3CON                                       (abs)        00413
_T3CONbits                                   (abs)        00413
_T3GCON                                      (abs)        00414
_TMR1H                                       (abs)        00017
_TMR1L                                       (abs)        00016
_TMR1_Initialize                             text10       00EDC
_TMR3H                                       (abs)        00412
_TMR3L                                       (abs)        00411
_TMR3_Initialize                             text9        00EE7
_TRISAbits                                   (abs)        0008C
_TRISCbits                                   (abs)        0008E
_TRISEbits                                   (abs)        00090
_TRISFbits                                   (abs)        0030C
_TX1REG                                      (abs)        0019A
_TX1STA                                      (abs)        0019E
_TX1STAbits                                  (abs)        0019E
_WPUB                                        (abs)        0020D
_WPUD                                        (abs)        0020F
_WPUE                                        (abs)        00210
_WPUG                                        (abs)        0048D
__CFG_BOREN$OFF                              (abs)        00000
__CFG_BORV$LO                                (abs)        00000
__CFG_CLKOUTEN$OFF                           (abs)        00000
__CFG_CP$OFF                                 (abs)        00000
__CFG_FCMEN$OFF                              (abs)        00000
__CFG_FOSC$HS                                (abs)        00000
__CFG_IESO$OFF                               (abs)        00000
__CFG_LPBOR$OFF                              (abs)        00000
__CFG_LVP$OFF                                (abs)        00000
__CFG_MCLRE$OFF                              (abs)        00000
__CFG_PWRTE$OFF                              (abs)        00000
__CFG_STVREN$OFF                             (abs)        00000
__CFG_VCAPEN$OFF                             (abs)        00000
__CFG_WDTE$OFF                               (abs)        00000
__CFG_WRT$OFF                                (abs)        00000
__Habs1                                      abs1         00000
__Hbank0                                     bank0        00000
__Hbank1                                     bank1        00000
__Hbank10                                    bank10       00000
__Hbank11                                    bank11       00000
__Hbank12                                    bank12       00000
__Hbank13                                    bank13       00000
__Hbank14                                    bank14       00000
__Hbank15                                    bank15       00000
__Hbank16                                    bank16       00000
__Hbank17                                    bank17       00000
__Hbank18                                    bank18       00000
__Hbank19                                    bank19       00000
__Hbank2                                     bank2        00000
__Hbank20                                    bank20       00000
__Hbank21                                    bank21       00000
__Hbank22                                    bank22       00000
__Hbank23                                    bank23       00000
__Hbank24                                    bank24       00000
__Hbank25                                    bank25       00000
__Hbank26                                    bank26       00000
__Hbank27                                    bank27       00000
__Hbank28                                    bank28       00000
__Hbank29                                    bank29       00000
__Hbank3                                     bank3        00000
__Hbank30                                    bank30       00000
__Hbank31                                    bank31       00000
__Hbank4                                     bank4        00000
__Hbank5                                     bank5        00000
__Hbank6                                     bank6        00000
__Hbank7                                     bank7        00000
__Hbank8                                     bank8        00000
__Hbank9                                     bank9        00000
__Hbigram                                    bigram       00000
__HbssBANK0                                  bssBANK0     00000
__HbssCOMMON                                 bssCOMMON    00000
__Hcinit                                     cinit        00267
__Hclrtext                                   clrtext      00000
__Hcode                                      code         00000
__Hcommon                                    common       00000
__Hconfig                                    config       08009
__HcstackBANK0                               cstackBANK0  00000
__HcstackCOMMON                              cstackCOMMON 00000
__HdataBANK0                                 dataBANK0    00000
__HdataBANK1                                 dataBANK1    00000
__HdataBANK2                                 dataBANK2    00000
__HdataCOMMON                                dataCOMMON   00000
__Heeprom_data                               eeprom_data  00000
__Hend_init                                  end_init     00232
__Hfunctab                                   functab      00000
__HidataBANK0                                idataBANK0   00000
__HidataBANK1                                idataBANK1   00000
__HidataBANK2                                idataBANK2   00000
__HidataCOMMON                               idataCOMMON  00000
__Hidloc                                     idloc        00000
__Hinit                                      init         00230
__Hinittext                                  inittext     00000
__Hintentry                                  intentry     00230
__Hmaintext                                  maintext     00000
__HnvBANK0                                   nvBANK0      00000
__Hpowerup                                   powerup      00000
__Hram                                       ram          00000
__Hreset_vec                                 reset_vec    00002
__Hsfr0                                      sfr0         00000
__Hsfr1                                      sfr1         00000
__Hsfr10                                     sfr10        00000
__Hsfr11                                     sfr11        00000
__Hsfr12                                     sfr12        00000
__Hsfr13                                     sfr13        00000
__Hsfr14                                     sfr14        00000
__Hsfr15                                     sfr15        00000
__Hsfr16                                     sfr16        00000
__Hsfr17                                     sfr17        00000
__Hsfr18                                     sfr18        00000
__Hsfr19                                     sfr19        00000
__Hsfr2                                      sfr2         00000
__Hsfr20                                     sfr20        00000
__Hsfr21                                     sfr21        00000
__Hsfr22                                     sfr22        00000
__Hsfr23                                     sfr23        00000
__Hsfr24                                     sfr24        00000
__Hsfr25                                     sfr25        00000
__Hsfr26                                     sfr26        00000
__Hsfr27                                     sfr27        00000
__Hsfr28                                     sfr28        00000
__Hsfr29                                     sfr29        00000
__Hsfr3                                      sfr3         00000
__Hsfr30                                     sfr30        00000
__Hsfr31                                     sfr31        00000
__Hsfr4                                      sfr4         00000
__Hsfr5                                      sfr5         00000
__Hsfr6                                      sfr6         00000
__Hsfr7                                      sfr7         00000
__Hsfr8                                      sfr8         00000
__Hsfr9                                      sfr9         00000
__Hspace_0                                   (abs)        08009
__Hspace_1                                   (abs)        0014A
__Hspace_2                                   (abs)        00000
__Hspace_3                                   (abs)        00000
__Hstack                                     stack        00000
__Hstrings                                   strings      00000
__Htext                                      text         00000
__Labs1                                      abs1         00000
__Lbank0                                     bank0        00000
__Lbank1                                     bank1        00000
__Lbank10                                    bank10       00000
__Lbank11                                    bank11       00000
__Lbank12                                    bank12       00000
__Lbank13                                    bank13       00000
__Lbank14                                    bank14       00000
__Lbank15                                    bank15       00000
__Lbank16                                    bank16       00000
__Lbank17                                    bank17       00000
__Lbank18                                    bank18       00000
__Lbank19                                    bank19       00000
__Lbank2                                     bank2        00000
__Lbank20                                    bank20       00000
__Lbank21                                    bank21       00000
__Lbank22                                    bank22       00000
__Lbank23                                    bank23       00000
__Lbank24                                    bank24       00000
__Lbank25                                    bank25       00000
__Lbank26                                    bank26       00000
__Lbank27                                    bank27       00000
__Lbank28                                    bank28       00000
__Lbank29                                    bank29       00000
__Lbank3                                     bank3        00000
__Lbank30                                    bank30       00000
__Lbank31                                    bank31       00000
__Lbank4                                     bank4        00000
__Lbank5                                     bank5        00000
__Lbank6                                     bank6        00000
__Lbank7                                     bank7        00000
__Lbank8                                     bank8        00000
__Lbank9                                     bank9        00000
__Lbigram                                    bigram       00000
__LbssBANK0                                  bssBANK0     00000
__LbssCOMMON                                 bssCOMMON    00000
__Lcinit                                     cinit        00232
__Lclrtext                                   clrtext      00000
__Lcode                                      code         00000
__Lcommon                                    common       00000
__Lconfig                                    config       08007
__LcstackBANK0                               cstackBANK0  00000
__LcstackCOMMON                              cstackCOMMON 00000
__LdataBANK0                                 dataBANK0    00000
__LdataBANK1                                 dataBANK1    00000
__LdataBANK2                                 dataBANK2    00000
__LdataCOMMON                                dataCOMMON   00000
__Leeprom_data                               eeprom_data  00000
__Lend_init                                  end_init     00230
__Lfunctab                                   functab      00000
__LidataBANK0                                idataBANK0   00000
__LidataBANK1                                idataBANK1   00000
__LidataBANK2                                idataBANK2   00000
__LidataCOMMON                               idataCOMMON  00000
__Lidloc                                     idloc        00000
__Linit                                      init         00230
__Linittext                                  inittext     00000
__Lintentry                                  intentry     00004
__Lmaintext                                  maintext     00000
__LnvBANK0                                   nvBANK0      00000
__Lpowerup                                   powerup      00000
__Lram                                       ram          00000
__Lreset_vec                                 reset_vec    00000
__Lsfr0                                      sfr0         00000
__Lsfr1                                      sfr1         00000
__Lsfr10                                     sfr10        00000
__Lsfr11                                     sfr11        00000
__Lsfr12                                     sfr12        00000
__Lsfr13                                     sfr13        00000
__Lsfr14                                     sfr14        00000
__Lsfr15                                     sfr15        00000
__Lsfr16                                     sfr16        00000
__Lsfr17                                     sfr17        00000
__Lsfr18                                     sfr18        00000
__Lsfr19                                     sfr19        00000
__Lsfr2                                      sfr2         00000
__Lsfr20                                     sfr20        00000
__Lsfr21                                     sfr21        00000
__Lsfr22                                     sfr22        00000
__Lsfr23                                     sfr23        00000
__Lsfr24                                     sfr24        00000
__Lsfr25                                     sfr25        00000
__Lsfr26                                     sfr26        00000
__Lsfr27                                     sfr27        00000
__Lsfr28                                     sfr28        00000
__Lsfr29                                     sfr29        00000
__Lsfr3                                      sfr3         00000
__Lsfr30                                     sfr30        00000
__Lsfr31                                     sfr31        00000
__Lsfr4                                      sfr4         00000
__Lsfr5                                      sfr5         00000
__Lsfr6                                      sfr6         00000
__Lsfr7                                      sfr7         00000
__Lsfr8                                      sfr8         00000
__Lsfr9                                      sfr9         00000
__Lspace_0                                   (abs)        00000
__Lspace_1                                   (abs)        00000
__Lspace_2                                   (abs)        00000
__Lspace_3                                   (abs)        00000
__Lstack                                     stack        00000
__Lstrings                                   strings      00000
__Ltext                                      text         00000
__S0                                         (abs)        08009
__S1                                         (abs)        0014A
__S2                                         (abs)        00000
___int_sp                                    stack        00000
___latbits                                   (abs)        00002
___sp                                        stack        00000
___wmul                                      text7        00F7F
___wmul@multiplicand                         cstackBANK0  00022
___wmul@multiplier                           cstackBANK0  00020
___wmul@product                              cstackBANK0  00024
__end_of_CCP9_Initialize                     text12       00EDC
__end_of_EUSART_Initialize                   text11       00F4C
__end_of_GPIO_pin_Initialize                 text13       00F7F
__end_of_TMR1_Initialize                     text10       00EE7
__end_of_TMR3_Initialize                     text9        00EF3
__end_of___wmul                              text7        00F9B
__end_of__initialization                     cinit        00263
__end_of_allPeripheralInit                   text8        00EFF
__end_of_applianceControl                    text3        0071A
__end_of_atoi                                text5        00785
__end_of_clearAllPorts                       text15       00ED2
__end_of_copyReceivedDataBuffer              text2        007EC
__end_of_errorsISR                           text17       00F65
__end_of_errorsMain                          text1        00FB8
__end_of_isdigit                             text6        00F0E
__end_of_isr                                 intentry     00230
__end_of_main                                maintext     00638
__end_of_pinINIT_extra                       text14       00F36
__end_of_sendAcknowledgment                  text4        00FD6
__initialization                             cinit        00232
__pbssBANK0                                  bssBANK0     0006A
__pbssCOMMON                                 bssCOMMON    00076
__pcstackBANK0                               cstackBANK0  00020
__pcstackCOMMON                              cstackCOMMON 00070
__pdataBANK0                                 dataBANK0    0004D
__pdataBANK1                                 dataBANK1    000A0
__pdataBANK2                                 dataBANK2    00120
__pdataCOMMON                                dataCOMMON   0007A
__pidataBANK0                                idataBANK0   00F0E
__pidataBANK1                                idataBANK1   00785
__pidataBANK2                                idataBANK2   00FD6
__pidataCOMMON                               idataCOMMON  00002
__pintentry                                  intentry     00004
__pmaintext                                  maintext     00267
__pnvBANK0                                   nvBANK0      00060
__pswtext1                                   swtext1      007EC
__pswtext10                                  swtext10     008A0
__pswtext11                                  swtext11     008B4
__pswtext2                                   swtext2      00800
__pswtext3                                   swtext3      00814
__pswtext4                                   swtext4      00828
__pswtext5                                   swtext5      0083C
__pswtext6                                   swtext6      00850
__pswtext7                                   swtext7      00864
__pswtext8                                   swtext8      00878
__pswtext9                                   swtext9      0088C
__ptext1                                     text1        00F9B
__ptext10                                    text10       00EDC
__ptext11                                    text11       00F36
__ptext12                                    text12       00ED2
__ptext13                                    text13       00F65
__ptext14                                    text14       00F21
__ptext15                                    text15       00ECA
__ptext17                                    text17       00F4C
__ptext2                                     text2        007BD
__ptext3                                     text3        00638
__ptext4                                     text4        00FB8
__ptext5                                     text5        0071A
__ptext6                                     text6        00EFF
__ptext7                                     text7        00F7F
__ptext8                                     text8        00EF3
__ptext9                                     text9        00EE7
__size_of_CCP9_Initialize                    (abs)        00000
__size_of_EUSART_Initialize                  (abs)        00000
__size_of_GPIO_pin_Initialize                (abs)        00000
__size_of_TMR1_Initialize                    (abs)        00000
__size_of_TMR3_Initialize                    (abs)        00000
__size_of___wmul                             (abs)        00000
__size_of_allPeripheralInit                  (abs)        00000
__size_of_applianceControl                   (abs)        00000
__size_of_atoi                               (abs)        00000
__size_of_clearAllPorts                      (abs)        00000
__size_of_copyReceivedDataBuffer             (abs)        00000
__size_of_errorsISR                          (abs)        00000
__size_of_errorsMain                         (abs)        00000
__size_of_isdigit                            (abs)        00000
__size_of_isr                                (abs)        00000
__size_of_main                               (abs)        00000
__size_of_pinINIT_extra                      (abs)        00000
__size_of_sendAcknowledgment                 (abs)        00000
_allPeripheralInit                           text8        00EF3
_applianceControl                            text3        00638
_atoi                                        text5        0071A
_clearAllPorts                               text15       00ECA
_copyReceivedDataBuffer                      text2        007BD
_currentStateBuffer                          dataBANK2    00120
_errorsISR                                   text17       00F4C
_errorsMain                                  text1        00F9B
_isdigit                                     text6        00EFF
_isdigit$859                                 cstackBANK0  00020
_isr                                         intentry     00004
_levelofDimmer_LSB                           dataCOMMON   0007A
_levelofDimmer_MSB                           dataCOMMON   0007B
_main                                        maintext     00267
_mainDataReceived                            bssBANK0     0006A
_mainReceivedDataBuffer                      dataBANK1    000A0
_mainReceivedDataPosition                    bssCOMMON    00078
_parentalLockBuffer                          dataBANK0    0004D
_pinINIT_extra                               text14       00F21
_sendAcknowledgment                          text4        00FB8
_start_PWM_Generation_in_ISR_FLAG            bssCOMMON    00076
_tempReceivedDataBuffer                      dataBANK1    000C0
applianceControl@F3766                       dataBANK0    00059
applianceControl@F3768                       dataBANK0    00057
applianceControl@chDimmerSpeedLSB            cstackBANK0  00031
applianceControl@chDimmerSpeedMSB            cstackBANK0  00030
applianceControl@charFinalFrameState         cstackBANK0  00033
applianceControl@charParentalControl         cstackBANK0  00032
applianceControl@charSwitchLSB               cstackBANK0  0002E
applianceControl@charSwitchMSB               cstackBANK0  00038
applianceControl@charSwitchSTATE             cstackBANK0  0002F
applianceControl@currentStateBufferPositions cstackBANK0  00041
applianceControl@dimmerSpeedStringBuffer     cstackBANK0  0003B
applianceControl@integerSpeed                cstackBANK0  00036
applianceControl@integerSwitchNumber         cstackBANK0  0003D
applianceControl@integerSwitchState          cstackBANK0  0003F
applianceControl@switchNumberStringBuffer    cstackBANK0  00039
atoi@a                                       cstackBANK0  0002B
atoi@s                                       cstackBANK0  0002D
atoi@sign                                    cstackBANK0  0002A
btemp                                        (abs)        0007E
copyReceivedDataBuffer@dataBufferCounter     cstackBANK0  00021
end_of_initialization                        cinit        00263
errorsISR@Tx_count                           cstackCOMMON 00071
errorsISR@errNum                             cstackCOMMON 00073
errorsMain@Tx_count                          cstackBANK0  00021
errorsMain@errNum                            cstackBANK0  00023
init_ram                                     inittext     00EC4
int$flags                                    (abs)        0007E
intlevel0                                    functab      00000
intlevel1                                    functab      00000
intlevel2                                    functab      00000
intlevel3                                    functab      00000
intlevel4                                    functab      00000
intlevel5                                    functab      00000
isdigit@c                                    cstackBANK0  00021
main@dataBufferCounter                       cstackBANK0  00049
main@man                                     cstackBANK0  0004B
reset_vec                                    reset_vec    00000
sendAcknowledgment@Tx_count                  cstackBANK0  00021
sendAcknowledgment@currentStateBuffer        cstackBANK0  00023
stackhi                                      (abs)        022EF
stacklo                                      (abs)        020CA
start                                        init         00230
start_initialization                         cinit        00232
wtemp0                                       (abs)        0007E


FUNCTION INFORMATION:

 *************** function _main *****************
 Defined at:
		line 821 in file "5onoff.c"
 Parameters:    Size  Location     Type
		None
 Auto vars:     Size  Location     Type
  dataBufferCo    2   41[BANK0 ] int 
  man             2   43[BANK0 ] int 
 Return value:  Size  Location     Type
                  2  320[None  ] int 
 Registers used:
		wreg, fsr0l, fsr0h, fsr1l, fsr1h, status,2, status,0, pclath, cstack
 Tracked objects:
		On entry : 
		On exit  : 
		Unchanged: 
 Data sizes:     COMMON   BANK0   BANK1   BANK2   BANK3   BANK4   BANK5   BANK6   BANK7   BANK8   BANK9
      Params:         0       0       0       0       0       0       0       0       0       0       0
      Locals:         0       4       0       0       0       0       0       0       0       0       0
      Temps:          0       6       0       0       0       0       0       0       0       0       0
      Totals:         0      10       0       0       0       0       0       0       0       0       0
Total ram usage:       10 bytes
 Hardware stack levels required when called:    5
 This function calls:
		_GPIO_pin_Initialize
		_allPeripheralInit
		_applianceControl
		_copyReceivedDataBuffer
		_errorsMain
 This function is called by:
		Startup code after reset
 This function uses a non-reentrant model


 *************** function _errorsMain *****************
 Defined at:
		line 1324 in file "5onoff.c"
 Parameters:    Size  Location     Type
  errNum          1    wreg     PTR unsigned char 
		 -> ErrorNames(5), 
 Auto vars:     Size  Location     Type
  errNum          1    3[BANK0 ] PTR unsigned char 
		 -> ErrorNames(5), 
  Tx_count        2    1[BANK0 ] int 
 Return value:  Size  Location     Type
                  1    wreg      void 
 Registers used:
		wreg, fsr1l, fsr1h, status,2, status,0
 Tracked objects:
		On entry : 
		On exit  : 
		Unchanged: 
 Data sizes:     COMMON   BANK0   BANK1   BANK2   BANK3   BANK4   BANK5   BANK6   BANK7   BANK8   BANK9
      Params:         0       0       0       0       0       0       0       0       0       0       0
      Locals:         0       3       0       0       0       0       0       0       0       0       0
      Temps:          0       1       0       0       0       0       0       0       0       0       0
      Totals:         0       4       0       0       0       0       0       0       0       0       0
Total ram usage:        4 bytes
 Hardware stack levels used:    1
 Hardware stack levels required when called:    2
 This function calls:
		Nothing
 This function is called by:
		_main
 This function uses a non-reentrant model


 *************** function _copyReceivedDataBuffer *****************
 Defined at:
		line 1346 in file "5onoff.c"
 Parameters:    Size  Location     Type
		None
 Auto vars:     Size  Location     Type
  dataBufferCo    2    1[BANK0 ] int 
 Return value:  Size  Location     Type
                  1    wreg      void 
 Registers used:
		wreg, fsr1l, fsr1h, status,2, status,0
 Tracked objects:
		On entry : 
		On exit  : 
		Unchanged: 
 Data sizes:     COMMON   BANK0   BANK1   BANK2   BANK3   BANK4   BANK5   BANK6   BANK7   BANK8   BANK9
      Params:         0       0       0       0       0       0       0       0       0       0       0
      Locals:         0       2       0       0       0       0       0       0       0       0       0
      Temps:          0       1       0       0       0       0       0       0       0       0       0
      Totals:         0       3       0       0       0       0       0       0       0       0       0
Total ram usage:        3 bytes
 Hardware stack levels used:    1
 Hardware stack levels required when called:    2
 This function calls:
		Nothing
 This function is called by:
		_main
 This function uses a non-reentrant model


 *************** function _applianceControl *****************
 Defined at:
		line 1037 in file "5onoff.c"
 Parameters:    Size  Location     Type
  charSwitchMS    1    wreg     unsigned char 
  charSwitchLS    1   14[BANK0 ] unsigned char 
  charSwitchST    1   15[BANK0 ] unsigned char 
  chDimmerSpee    1   16[BANK0 ] unsigned char 
  chDimmerSpee    1   17[BANK0 ] unsigned char 
  charParental    1   18[BANK0 ] unsigned char 
  charFinalFra    1   19[BANK0 ] unsigned char 
 Auto vars:     Size  Location     Type
  charSwitchMS    1   24[BANK0 ] unsigned char 
  currentState    2   33[BANK0 ] int 
  integerSwitc    2   31[BANK0 ] int 
  dimmerSpeedS    2   27[BANK0 ] unsigned char [2]
  switchNumber    2   25[BANK0 ] unsigned char [2]
  integerSwitc    2   29[BANK0 ] int 
  integerSpeed    2   22[BANK0 ] int 
 Return value:  Size  Location     Type
                  1    wreg      void 
 Registers used:
		wreg, fsr0l, fsr0h, fsr1l, fsr1h, status,2, status,0, pclath, cstack
 Tracked objects:
		On entry : 
		On exit  : 
		Unchanged: 
 Data sizes:     COMMON   BANK0   BANK1   BANK2   BANK3   BANK4   BANK5   BANK6   BANK7   BANK8   BANK9
      Params:         0       6       0       0       0       0       0       0       0       0       0
      Locals:         0      13       0       0       0       0       0       0       0       0       0
      Temps:          0       2       0       0       0       0       0       0       0       0       0
      Totals:         0      21       0       0       0       0       0       0       0       0       0
Total ram usage:       21 bytes
 Hardware stack levels used:    1
 Hardware stack levels required when called:    4
 This function calls:
		_atoi
		_sendAcknowledgment
 This function is called by:
		_main
 This function uses a non-reentrant model


 *************** function _sendAcknowledgment *****************
 Defined at:
		line 1334 in file "5onoff.c"
 Parameters:    Size  Location     Type
  currentState    1    wreg     PTR unsigned char 
		 -> currentStateBuffer(42), 
 Auto vars:     Size  Location     Type
  currentState    1    3[BANK0 ] PTR unsigned char 
		 -> currentStateBuffer(42), 
  Tx_count        2    1[BANK0 ] int 
 Return value:  Size  Location     Type
                  1    wreg      void 
 Registers used:
		wreg, fsr1l, fsr1h, status,2, status,0
 Tracked objects:
		On entry : 
		On exit  : 
		Unchanged: 
 Data sizes:     COMMON   BANK0   BANK1   BANK2   BANK3   BANK4   BANK5   BANK6   BANK7   BANK8   BANK9
      Params:         0       0       0       0       0       0       0       0       0       0       0
      Locals:         0       3       0       0       0       0       0       0       0       0       0
      Temps:          0       1       0       0       0       0       0       0       0       0       0
      Totals:         0       4       0       0       0       0       0       0       0       0       0
Total ram usage:        4 bytes
 Hardware stack levels used:    1
 Hardware stack levels required when called:    2
 This function calls:
		Nothing
 This function is called by:
		_applianceControl
 This function uses a non-reentrant model


 *************** function _atoi *****************
 Defined at:
		line 5 in file "C:\Program Files (x86)\Microchip\xc8\v1.45\sources\common\atoi.c"
 Parameters:    Size  Location     Type
  s               1    wreg     PTR const unsigned char 
		 -> applianceControl@dimmerSpeedStringBuffer(2), applianceControl@switchNumberStringBuffer(2), 
 Auto vars:     Size  Location     Type
  s               1   13[BANK0 ] PTR const unsigned char 
		 -> applianceControl@dimmerSpeedStringBuffer(2), applianceControl@switchNumberStringBuffer(2), 
  a               2   11[BANK0 ] int 
  sign            1   10[BANK0 ] unsigned char 
 Return value:  Size  Location     Type
                  2    6[BANK0 ] int 
 Registers used:
		wreg, fsr1l, fsr1h, status,2, status,0, pclath, cstack
 Tracked objects:
		On entry : 
		On exit  : 
		Unchanged: 
 Data sizes:     COMMON   BANK0   BANK1   BANK2   BANK3   BANK4   BANK5   BANK6   BANK7   BANK8   BANK9
      Params:         0       2       0       0       0       0       0       0       0       0       0
      Locals:         0       4       0       0       0       0       0       0       0       0       0
      Temps:          0       2       0       0       0       0       0       0       0       0       0
      Totals:         0       8       0       0       0       0       0       0       0       0       0
Total ram usage:        8 bytes
 Hardware stack levels used:    1
 Hardware stack levels required when called:    3
 This function calls:
		___wmul
		_isdigit
 This function is called by:
		_applianceControl
 This function uses a non-reentrant model


 *************** function _isdigit *****************
 Defined at:
		line 8 in file "C:\Program Files (x86)\Microchip\xc8\v1.45\sources\common\isdigit.c"
 Parameters:    Size  Location     Type
  c               1    wreg     unsigned char 
 Auto vars:     Size  Location     Type
  c               1    1[BANK0 ] unsigned char 
 Return value:  Size  Location     Type
		None               void
 Registers used:
		wreg, status,2, status,0
 Tracked objects:
		On entry : 
		On exit  : 
		Unchanged: 
 Data sizes:     COMMON   BANK0   BANK1   BANK2   BANK3   BANK4   BANK5   BANK6   BANK7   BANK8   BANK9
      Params:         0       0       0       0       0       0       0       0       0       0       0
      Locals:         0       2       0       0       0       0       0       0       0       0       0
      Temps:          0       0       0       0       0       0       0       0       0       0       0
      Totals:         0       2       0       0       0       0       0       0       0       0       0
Total ram usage:        2 bytes
 Hardware stack levels used:    1
 Hardware stack levels required when called:    2
 This function calls:
		Nothing
 This function is called by:
		_atoi
 This function uses a non-reentrant model


 *************** function ___wmul *****************
 Defined at:
		line 15 in file "C:\Program Files (x86)\Microchip\xc8\v1.45\sources\common\Umul16.c"
 Parameters:    Size  Location     Type
  multiplier      2    0[BANK0 ] unsigned int 
  multiplicand    2    2[BANK0 ] unsigned int 
 Auto vars:     Size  Location     Type
  product         2    4[BANK0 ] unsigned int 
 Return value:  Size  Location     Type
                  2    0[BANK0 ] unsigned int 
 Registers used:
		wreg, status,2, status,0
 Tracked objects:
		On entry : 
		On exit  : 
		Unchanged: 
 Data sizes:     COMMON   BANK0   BANK1   BANK2   BANK3   BANK4   BANK5   BANK6   BANK7   BANK8   BANK9
      Params:         0       4       0       0       0       0       0       0       0       0       0
      Locals:         0       2       0       0       0       0       0       0       0       0       0
      Temps:          0       0       0       0       0       0       0       0       0       0       0
      Totals:         0       6       0       0       0       0       0       0       0       0       0
Total ram usage:        6 bytes
 Hardware stack levels used:    1
 Hardware stack levels required when called:    2
 This function calls:
		Nothing
 This function is called by:
		_atoi
 This function uses a non-reentrant model


 *************** function _allPeripheralInit *****************
 Defined at:
		line 1165 in file "5onoff.c"
 Parameters:    Size  Location     Type
		None
 Auto vars:     Size  Location     Type
		None
 Return value:  Size  Location     Type
                  1    wreg      void 
 Registers used:
		wreg, status,2, status,0, pclath, cstack
 Tracked objects:
		On entry : 
		On exit  : 
		Unchanged: 
 Data sizes:     COMMON   BANK0   BANK1   BANK2   BANK3   BANK4   BANK5   BANK6   BANK7   BANK8   BANK9
      Params:         0       0       0       0       0       0       0       0       0       0       0
      Locals:         0       0       0       0       0       0       0       0       0       0       0
      Temps:          0       0       0       0       0       0       0       0       0       0       0
      Totals:         0       0       0       0       0       0       0       0       0       0       0
Total ram usage:        0 bytes
 Hardware stack levels used:    1
 Hardware stack levels required when called:    3
 This function calls:
		_CCP9_Initialize
		_EUSART_Initialize
		_TMR1_Initialize
		_TMR3_Initialize
 This function is called by:
		_main
 This function uses a non-reentrant model


 *************** function _TMR3_Initialize *****************
 Defined at:
		line 1243 in file "5onoff.c"
 Parameters:    Size  Location     Type
		None
 Auto vars:     Size  Location     Type
		None
 Return value:  Size  Location     Type
                  1    wreg      void 
 Registers used:
		status,2
 Tracked objects:
		On entry : 
		On exit  : 
		Unchanged: 
 Data sizes:     COMMON   BANK0   BANK1   BANK2   BANK3   BANK4   BANK5   BANK6   BANK7   BANK8   BANK9
      Params:         0       0       0       0       0       0       0       0       0       0       0
      Locals:         0       0       0       0       0       0       0       0       0       0       0
      Temps:          0       0       0       0       0       0       0       0       0       0       0
      Totals:         0       0       0       0       0       0       0       0       0       0       0
Total ram usage:        0 bytes
 Hardware stack levels used:    1
 Hardware stack levels required when called:    2
 This function calls:
		Nothing
 This function is called by:
		_allPeripheralInit
 This function uses a non-reentrant model


 *************** function _TMR1_Initialize *****************
 Defined at:
		line 1212 in file "5onoff.c"
 Parameters:    Size  Location     Type
		None
 Auto vars:     Size  Location     Type
		None
 Return value:  Size  Location     Type
                  1    wreg      void 
 Registers used:
		status,2
 Tracked objects:
		On entry : 
		On exit  : 
		Unchanged: 
 Data sizes:     COMMON   BANK0   BANK1   BANK2   BANK3   BANK4   BANK5   BANK6   BANK7   BANK8   BANK9
      Params:         0       0       0       0       0       0       0       0       0       0       0
      Locals:         0       0       0       0       0       0       0       0       0       0       0
      Temps:          0       0       0       0       0       0       0       0       0       0       0
      Totals:         0       0       0       0       0       0       0       0       0       0       0
Total ram usage:        0 bytes
 Hardware stack levels used:    1
 Hardware stack levels required when called:    2
 This function calls:
		Nothing
 This function is called by:
		_allPeripheralInit
 This function uses a non-reentrant model


 *************** function _EUSART_Initialize *****************
 Defined at:
		line 1175 in file "5onoff.c"
 Parameters:    Size  Location     Type
		None
 Auto vars:     Size  Location     Type
		None
 Return value:  Size  Location     Type
                  1    wreg      void 
 Registers used:
		wreg
 Tracked objects:
		On entry : 
		On exit  : 
		Unchanged: 
 Data sizes:     COMMON   BANK0   BANK1   BANK2   BANK3   BANK4   BANK5   BANK6   BANK7   BANK8   BANK9
      Params:         0       0       0       0       0       0       0       0       0       0       0
      Locals:         0       0       0       0       0       0       0       0       0       0       0
      Temps:          0       0       0       0       0       0       0       0       0       0       0
      Totals:         0       0       0       0       0       0       0       0       0       0       0
Total ram usage:        0 bytes
 Hardware stack levels used:    1
 Hardware stack levels required when called:    2
 This function calls:
		Nothing
 This function is called by:
		_allPeripheralInit
 This function uses a non-reentrant model


 *************** function _CCP9_Initialize *****************
 Defined at:
		line 1273 in file "5onoff.c"
 Parameters:    Size  Location     Type
		None
 Auto vars:     Size  Location     Type
		None
 Return value:  Size  Location     Type
                  1    wreg      void 
 Registers used:
		wreg, status,2
 Tracked objects:
		On entry : 
		On exit  : 
		Unchanged: 
 Data sizes:     COMMON   BANK0   BANK1   BANK2   BANK3   BANK4   BANK5   BANK6   BANK7   BANK8   BANK9
      Params:         0       0       0       0       0       0       0       0       0       0       0
      Locals:         0       0       0       0       0       0       0       0       0       0       0
      Temps:          0       0       0       0       0       0       0       0       0       0       0
      Totals:         0       0       0       0       0       0       0       0       0       0       0
Total ram usage:        0 bytes
 Hardware stack levels used:    1
 Hardware stack levels required when called:    2
 This function calls:
		Nothing
 This function is called by:
		_allPeripheralInit
 This function uses a non-reentrant model


 *************** function _GPIO_pin_Initialize *****************
 Defined at:
		line 1138 in file "5onoff.c"
 Parameters:    Size  Location     Type
		None
 Auto vars:     Size  Location     Type
		None
 Return value:  Size  Location     Type
                  1    wreg      void 
 Registers used:
		status,2, status,0, pclath, cstack
 Tracked objects:
		On entry : 
		On exit  : 
		Unchanged: 
 Data sizes:     COMMON   BANK0   BANK1   BANK2   BANK3   BANK4   BANK5   BANK6   BANK7   BANK8   BANK9
      Params:         0       0       0       0       0       0       0       0       0       0       0
      Locals:         0       0       0       0       0       0       0       0       0       0       0
      Temps:          0       0       0       0       0       0       0       0       0       0       0
      Totals:         0       0       0       0       0       0       0       0       0       0       0
Total ram usage:        0 bytes
 Hardware stack levels used:    1
 Hardware stack levels required when called:    3
 This function calls:
		_clearAllPorts
		_pinINIT_extra
 This function is called by:
		_main
 This function uses a non-reentrant model


 *************** function _pinINIT_extra *****************
 Defined at:
		line 1356 in file "5onoff.c"
 Parameters:    Size  Location     Type
		None
 Auto vars:     Size  Location     Type
		None
 Return value:  Size  Location     Type
                  1    wreg      void 
 Registers used:
		status,2
 Tracked objects:
		On entry : 
		On exit  : 
		Unchanged: 
 Data sizes:     COMMON   BANK0   BANK1   BANK2   BANK3   BANK4   BANK5   BANK6   BANK7   BANK8   BANK9
      Params:         0       0       0       0       0       0       0       0       0       0       0
      Locals:         0       0       0       0       0       0       0       0       0       0       0
      Temps:          0       0       0       0       0       0       0       0       0       0       0
      Totals:         0       0       0       0       0       0       0       0       0       0       0
Total ram usage:        0 bytes
 Hardware stack levels used:    1
 Hardware stack levels required when called:    2
 This function calls:
		Nothing
 This function is called by:
		_GPIO_pin_Initialize
 This function uses a non-reentrant model


 *************** function _clearAllPorts *****************
 Defined at:
		line 1373 in file "5onoff.c"
 Parameters:    Size  Location     Type
		None
 Auto vars:     Size  Location     Type
		None
 Return value:  Size  Location     Type
                  1    wreg      void 
 Registers used:
		None
 Tracked objects:
		On entry : 
		On exit  : 
		Unchanged: 
 Data sizes:     COMMON   BANK0   BANK1   BANK2   BANK3   BANK4   BANK5   BANK6   BANK7   BANK8   BANK9
      Params:         0       0       0       0       0       0       0       0       0       0       0
      Locals:         0       0       0       0       0       0       0       0       0       0       0
      Temps:          0       0       0       0       0       0       0       0       0       0       0
      Totals:         0       0       0       0       0       0       0       0       0       0       0
Total ram usage:        0 bytes
 Hardware stack levels used:    1
 Hardware stack levels required when called:    2
 This function calls:
		Nothing
 This function is called by:
		_GPIO_pin_Initialize
 This function uses a non-reentrant model


 *************** function _isr *****************
 Defined at:
		line 154 in file "5onoff.c"
 Parameters:    Size  Location     Type
		None
 Auto vars:     Size  Location     Type
		None
 Return value:  Size  Location     Type
                  1    wreg      void 
 Registers used:
		wreg, fsr0l, fsr0h, fsr1l, fsr1h, status,2, status,0, pclath, cstack
 Tracked objects:
		On entry : 
		On exit  : 
		Unchanged: 
 Data sizes:     COMMON   BANK0   BANK1   BANK2   BANK3   BANK4   BANK5   BANK6   BANK7   BANK8   BANK9
      Params:         0       0       0       0       0       0       0       0       0       0       0
      Locals:         0       0       0       0       0       0       0       0       0       0       0
      Temps:          2       0       0       0       0       0       0       0       0       0       0
      Totals:         2       0       0       0       0       0       0       0       0       0       0
Total ram usage:        2 bytes
 Hardware stack levels used:    1
 Hardware stack levels required when called:    1
 This function calls:
		_errorsISR
 This function is called by:
		Interrupt level 1
 This function uses a non-reentrant model


 *************** function _errorsISR *****************
 Defined at:
		line 1314 in file "5onoff.c"
 Parameters:    Size  Location     Type
  errNum          1    wreg     PTR unsigned char 
		 -> ErrorNames(5), 
 Auto vars:     Size  Location     Type
  errNum          1    3[COMMON] PTR unsigned char 
		 -> ErrorNames(5), 
  Tx_count        2    1[COMMON] int 
 Return value:  Size  Location     Type
                  1    wreg      void 
 Registers used:
		wreg, fsr1l, fsr1h, status,2, status,0
 Tracked objects:
		On entry : 
		On exit  : 
		Unchanged: 
 Data sizes:     COMMON   BANK0   BANK1   BANK2   BANK3   BANK4   BANK5   BANK6   BANK7   BANK8   BANK9
      Params:         0       0       0       0       0       0       0       0       0       0       0
      Locals:         3       0       0       0       0       0       0       0       0       0       0
      Temps:          1       0       0       0       0       0       0       0       0       0       0
      Totals:         4       0       0       0       0       0       0       0       0       0       0
Total ram usage:        4 bytes
 Hardware stack levels used:    1
 This function calls:
		Nothing
 This function is called by:
		_isr
 This function uses a non-reentrant model



MODULE INFORMATION

Module		Function		Class		Link	Load	Size
C:\Program Files (x86)\Microchip\xc8\v1.45\sources\common\Umul16.c
		___wmul        		CODE           	0F7F	0000	29

C:\Program Files (x86)\Microchip\xc8\v1.45\sources\common\Umul16.c estimated size: 29

C:\Program Files (x86)\Microchip\xc8\v1.45\sources\common\isdigit.c
		_isdigit       		CODE           	0EFF	0000	16

C:\Program Files (x86)\Microchip\xc8\v1.45\sources\common\isdigit.c estimated size: 16

C:\Program Files (x86)\Microchip\xc8\v1.45\sources\common\atoi.c
		_atoi          		CODE           	071A	0000	108

C:\Program Files (x86)\Microchip\xc8\v1.45\sources\common\atoi.c estimated size: 108

shared
		__initialization		CODE           	0232	0000	50

shared estimated size: 50

5onoff.c
		_TMR1_Initialize		CODE           	0EDC	0000	12
		_allPeripheralInit		CODE           	0EF3	0000	13
		_errorsMain    		CODE           	0F9B	0000	30
		_TMR3_Initialize		CODE           	0EE7	0000	13
		_CCP9_Initialize		CODE           	0ED2	0000	11
		_main          		CODE           	0267	0000	978
		_sendAcknowledgment		CODE           	0FB8	0000	31
		_errorsISR     		CODE           	0F4C	0000	26
		_EUSART_Initialize		CODE           	0F36	0000	23
		_clearAllPorts 		CODE           	0ECA	0000	9
		_isr           		CODE           	0004	0000	557
		_copyReceivedDataBuffer		CODE           	07BD	0000	48
		_GPIO_pin_Initialize		CODE           	0F65	0000	27
		_applianceControl		CODE           	0638	0000	227
		_pinINIT_extra 		CODE           	0F21	0000	22

5onoff.c estimated size: 2027

